<?xml version="1.0" encoding="utf-8"?>
<feed xmlns="http://www.w3.org/2005/Atom">
    <id></id>
    <title>Lesson Builder</title>
    <updated>2021-11-27T01:22:43.457Z</updated>
    <generator>https://github.com/jpmonette/feed</generator>
    <author>
        <name>Lesson Builder Contributors</name>
        <uri>https://lesson-builder-test.org/contributors.html</uri>
    </author>
    <link rel="alternate" href="https://github.com/gfxfundamentals/lesson-builder/"/>
    <subtitle>Build Lessons</subtitle>
    <logo>https://lesson-builder-test.org/test/lessons/resources/lesson-builder.png</logo>
    <entry>
        <title type="html"><![CDATA[Article One]]></title>
        <id>https://lesson-builder-test.org/test/lessons/test-one.html</id>
        <link href="https://lesson-builder-test.org/test/lessons/test-one.html">
        </link>
        <updated>2021-11-27T01:22:43.457Z</updated>
        <author>
            <name>Lesson Builder Contributors</name>
            <uri>https://lesson-builder-test.org/contributors.html</uri>
        </author>
        <published>2021-11-27T01:22:43.457Z</published>
    </entry>
</feed>