<!DOCTYPE html>
<!-- this file is auto-generated from test/lessons/test-one.md. Do not edited directly -->
<html lang="en">
<head>
<meta charset="utf-8">

<meta name="description" content="Test Article">
<meta name="thumbnail" content="https://lesson-builder-test.org/test/lessons/resources/lesson-builder.png">

<meta property="og:title" content="Article One">
<meta property="og:image" content="https://lesson-builder-test.org/test/lessons/resources/lesson-builder.png">
<meta property="og:description" content="Test Article">
<meta property="og:url" content="https://lesson-builder-test.org/test/lessons/test-one.html">

<meta name="twitter:title" content="Article One">
<meta name="twitter:url" content="https://lesson-builder-test.org/test/lessons/test-one.html">
<meta name="twitter:description" content="Test Article">
<meta name="twitter:image:src" content="https://lesson-builder-test.org/test/lessons/resources/lesson-builder.png">

<script type="application/ld+json">
{
  "@context":"https://schema.org",
  "@graph":[
    {
      "@type":"WebSite",
      "@id":"https://webgl2fundamentals.org/#website",
      "url":"https://webgl2fundamentals.org/",
      "name":"Webgl2Fundamentals"
    },
    {
      "@type":"ImageObject",
      "@id":"https://lesson-builder-test.org/test/lessons/test-one.html#primaryimage",
      "url":"https://lesson-builder-test.org/test/lessons/resources/lesson-builder.png",
      "width":1200,
      "height":630
    },
    {
      "@type":"WebPage",
      "@id":"https://lesson-builder-test.org/test/lessons/test-one.html#webpage",
      "url":"https://lesson-builder-test.org/test/lessons/test-one.html",
      "inLanguage":"en",
      "name":"Article One",
      "keywords":"webgl webgl2 graphics programming",
      "isPartOf":{
        "@id":"https://webgl2fundamentals.org/#website"
      },
      "primaryImageOfPage":{
        "@id":"https://lesson-builder-test.org/test/lessons/test-one.html#primaryimage"
      }
    }
  ]
}
</script>


<title>Article One</title>

  <link rel="alternate" hreflang="en" href="https://webglfundamentals.org/test/lessons/test-one.html">
  <link rel="alternate" hreflang="ja" href="https://webglfundamentals.org/test/lessons/ja/test-one.html">




</head>
<body>
<h1>Article One</h1>
<div class="lesson-main">
  <p>This is a test</p>
<pre class="prettyprint notranslate" translate="no"><code class="lang-html">&lt;div&gt;test&lt;div&gt;
</code></pre>
<pre class="prettyprint other"><code class="notranslate" translate="no">
&lt;div&gt;
  &lt;div&gt;test&lt;/div&gt;
&lt;/div&gt;
</code></pre>

</div>
    <div class="lesson-sidebar">
        <select class="language">
    <option value="/test/lessons/test-one.html" selected>English</a>
    <option value="/test/lessons/ja/test-one.html" >日本語</a>
</select>


        <div id="toc">
          <ul>  <li>Lesson Builder</li>
        <ul>
          <li><a href="/test/lessons/test-one.html">First Article</a></li>
        </ul></ul>
<ul>
  <li><a href="/docs/">Helper API Docs</a></li>
  <li><a href="https://twgljs.org">TWGL, A tiny WebGL helper library</a></li>
  <li><a href="https://github.com/gfxfundamentals/webgl2-fundamentals">github</a></li>
</ul>
        </div>
    </div>
  </div>
</div>
</body>
<script>
const settings = {
  contribTemplate: "Thank you <a href=\"${html_url}\"><img src=\"${avatar_url}\"> ${login}</a><br>for <a href=\"https://github.com/${owner}/${repo}/commits?author=${login}\">${contributions} contributions</a>",
  owner: "gfxfundamentals",
  repo: "lesson-builder",
};
</script>
</html>



