<!DOCTYPE html>
<!-- this file is auto-generated from test/lessons/index.md. Do not edited directly -->
<html lang="en">
<head>
<meta charset="utf-8">

<meta name="description" content="">
<meta name="thumbnail" content="https://lesson-builder-test.org/test/lessons/resources/lesson-builder.png">

<meta property="og:title" content="Lesson Builder">
<meta property="og:image" content="https://lesson-builder-test.org/test/lessons/resources/lesson-builder.png">
<meta property="og:description" content="">
<meta property="og:url" content="https://lesson-builder-test.org/test/lessons/index.html">

<meta name="twitter:title" content="Lesson Builder">
<meta name="twitter:url" content="https://lesson-builder-test.org/test/lessons/index.html">
<meta name="twitter:description" content="">
<meta name="twitter:image:src" content="https://lesson-builder-test.org/test/lessons/resources/lesson-builder.png">

<script type="application/ld+json">
{
  "@context":"https://schema.org",
  "@graph":[
    {
      "@type":"WebSite",
      "@id":"https://webgl2fundamentals.org/#website",
      "url":"https://webgl2fundamentals.org/",
      "name":"Webgl2Fundamentals"
    },
    {
      "@type":"ImageObject",
      "@id":"https://lesson-builder-test.org/test/lessons/index.html#primaryimage",
      "url":"https://lesson-builder-test.org/test/lessons/resources/lesson-builder.png",
      "width":1200,
      "height":630
    },
    {
      "@type":"WebPage",
      "@id":"https://lesson-builder-test.org/test/lessons/index.html#webpage",
      "url":"https://lesson-builder-test.org/test/lessons/index.html",
      "inLanguage":"en",
      "name":"Lesson Builder",
      "keywords":"webgl webgl2 graphics programming",
      "isPartOf":{
        "@id":"https://webgl2fundamentals.org/#website"
      },
      "primaryImageOfPage":{
        "@id":"https://lesson-builder-test.org/test/lessons/index.html#primaryimage"
      }
    }
  ]
}
</script>


<title>Lesson Builder</title>

  <link rel="alternate" hreflang="en" href="https://webglfundamentals.org/">
  <link rel="alternate" hreflang="ja" href="https://webglfundamentals.org/test/lessons/ja/">




</head>
<body>
<h1>Lesson Builder</h1>
<div class="lesson-main">
  <h1 id="table-of-contents">Table of Contents</h1>
<p><ul>  <li>Lesson Builder</li>
        <ul>
          <li><a href="/test/lessons/test-one.html">First Article</a></li>
        </ul></ul>
<ul>
  <li><a href="/docs/">Helper API Docs</a></li>
  <li><a href="https://twgljs.org">TWGL, A tiny WebGL helper library</a></li>
  <li><a href="https://github.com/gfxfundamentals/webgl2-fundamentals">github</a></li>
</ul></p>
<!--



-->

</div>
    <div class="lesson-sidebar">
        <select class="language">
    <option value="/" >English</a>
    <option value="/test/lessons/ja/" >日本語</a>
</select>


        <div id="toc">
          <ul>  <li>Lesson Builder</li>
        <ul>
          <li><a href="/test/lessons/test-one.html">First Article</a></li>
        </ul></ul>
<ul>
  <li><a href="/docs/">Helper API Docs</a></li>
  <li><a href="https://twgljs.org">TWGL, A tiny WebGL helper library</a></li>
  <li><a href="https://github.com/gfxfundamentals/webgl2-fundamentals">github</a></li>
</ul>
        </div>
    </div>
  </div>
</div>
</body>
<script>
const settings = {
  contribTemplate: "Thank you <a href=\"${html_url}\"><img src=\"${avatar_url}\"> ${login}</a><br>for <a href=\"https://github.com/${owner}/${repo}/commits?author=${login}\">${contributions} contributions</a>",
  owner: "gfxfundamentals",
  repo: "lesson-builder",
};
</script>
</html>



