
      <html>
      <body>
      <a href="/">en</a>
<a href="/test/lessons/ja/">ja</a>
      </body>
      </html>
      