<?xml version="1.0" encoding="UTF-8"?>
<urlset xmlns="http://www.sitemaps.org/schemas/sitemap/0.9" xmlns:xhtml="http://www.w3.org/1999/xhtml" xmlns:image="http://www.google.com/schemas/sitemap-image/1.1">
<url> <loc>https://lesson-builder-test.org/test/lessons/test-one.html</loc> <changefreq>monthly</changefreq> <priority>0.5</priority> <xhtml:link rel="alternate" hreflang="en" href="https://lesson-builder-test.org/test/lessons/test-one.html" /> <xhtml:link rel="alternate" hreflang="ja" href="https://lesson-builder-test.org/test/lessons/ja/test-one.html" /> </url>
</urlset>